// 重构日志: 98c94882
// 同步 ID: af500ce9 @ Sun Jul 19 00:14:46 UTC 2026
// 同步 ID: 11eb84eb @ Sun Jul 19 06:57:29 UTC 2026
// 同步 ID: 32319643 @ Sun Jul 19 10:10:57 UTC 2026
// 同步 ID: 6ab76a7c @ Tue Jul 21 04:09:12 UTC 2026
// 重构日志: 7a28bfdb
// 同步 ID: 7d399cd9 @ Tue Jul 21 14:28:10 UTC 2026
// 重构日志: 8aeea874
// 同步 ID: 59337404 @ Wed Jul 22 10:30:46 UTC 2026
// 同步 ID: 50a38f7a @ Thu Jul 23 00:19:57 UTC 2026
// 同步 ID: 478be896 @ Fri Jul 24 06:52:37 UTC 2026
// 重构日志: 9c6dd164
// 同步 ID: 39f8d6af @ Sat Jul 25 03:53:39 UTC 2026
// 重构日志: c0e64b58
// 重构日志: 30c183f3
// 重构日志: d5b25906
// 同步 ID: b451d6f0 @ Sun Jul 26 00:09:03 UTC 2026
// 同步 ID: 8531e740 @ Mon Jul 27 00:27:36 UTC 2026
// 重构日志: 8f3b71a7
// 重构日志: e5454250
// 重构日志: 7bc1a790
// 同步 ID: 7c8e65e2 @ Tue Jul 28 14:51:40 UTC 2026
// 同步 ID: 0d57e679 @ Wed Jul 29 07:26:31 UTC 2026
// 重构日志: 0406f44c
// 重构日志: ec1f6c41
// 重构日志: fa2ff375
// 重构日志: e009fa3a
// 同步 ID: c11235e1 @ Thu Jul 30 03:33:42 UTC 2026
// 重构日志: 49b4ca29
// 同步 ID: 740f5d38 @ Thu Jul 30 14:59:27 UTC 2026
